=== Phase V Component Functionality Test ===
Testing lg-atomese + learn + opencog integration functionality
1. Testing Phase V component structures...
  ✅ lg-atomese component structure present
    - Configuration: 4 files
    - Examples: 1 demo files
  ✅ learn component structure present
    - Configuration: 4 files
    - Examples: 1 demo files
  ✅ opencog main integration structure present
    - Configuration: 4 files
    - Examples: 1 demo files
2. Testing CMakeLists.txt integration...
  ✅ Phase V components integrated in main CMakeLists.txt
  ✅ lg-atomese CMakeLists.txt present
  ✅ learn CMakeLists.txt present
  ✅ opencog CMakeLists.txt present
3. Testing component functionality...
  Testing lg-atomese (Link Grammar to AtomSpace):
lg-atomese functionality test:
  - Configuration loaded: dict_path=/usr/share/link-grammar, max_linkages=100
  - Parsed: 'The cat sits on the mat.' -> [parse_result]
  - Parsed: 'OpenCog processes natural language.' -> [parse_result]
  ✅ lg-atomese functionality test passed
    ✅ lg-atomese functionality validation passed
  Testing learn (Unsupervised Learning):
learn functionality test:
  - Configuration loaded: learning_rate=0.01, max_iterations=1000
  - Pattern discovery: 4 inputs -> 2 patterns discovered
  - Clustering: 4 inputs -> 2 clusters created
  - Association mining: 4 inputs -> 3 associations found
  - Concept formation: 4 examples -> 1 concept formed
  ✅ learn functionality test passed
    ✅ learn functionality validation passed
  Testing opencog main integration:
opencog integration functionality test:
  - Configuration loaded: log_level=INFO, server_port=17001
  - System initialization: 5 components loaded, 5 components active
  - Language processing: 2 sentences -> 6 atoms created
  - Unsupervised learning: 4 inputs -> 6 knowledge items learned
  - Reasoning cycle: 2 inferences generated
  - System validation: All components integrated successfully
  ✅ opencog integration functionality test passed
    ✅ opencog integration functionality validation passed
4. Testing Phase V deliverables...
  ✅ lg-atomese integrated
